reporting_uuid=6f8b5861-1793-49cb-9ff7-4244e0f87017
reporting_uuid_kind=manual reporting identity only — not a durable Bridge lease
harness_sha=eff1581b4c6b78f428dad0f68b12d3a2f71d0eda
app_root=/Users/rashadtyler/code/fine-diet-nds01c-6f8b5861/src
app_source_sha=eff1581b4c6b78f428dad0f68b12d3a2f71d0eda
baseline_mode=false
postgres_version=postgres (PostgreSQL) 17.10
postgres_run_id=nds01a_49220bf206fe1ec5
postgres_socket=/private/tmp/nds01a_49220bf206fe1ec5/sock
postgres_listen_addresses=
auth=supabase-auth/gotrue v2.197.0 loopback
postgrest=PostgREST 16.3 loopback
gateway=http://127.0.0.1:54321
next=http://127.0.0.1:3000
synthetic_email=nds01c-g1@local.invalid
auth_user_id=f41257f4-b8b1-403d-beaa-3d6a506fb505
person_id=e2e00d21-1d5e-4c52-90ad-6f17bc7aa2a2
signup_status=200
password_grant_status=200
unauth_nds_status=401
unauth_nds_body_prefix={"error":"Unauthorized"}
nds_route_status=200
nds_route_body_prefix={"nds":{"date_local":"2026-09-14","person_id":"e2e00d21-1d5e-4c52-90ad-6f17bc7aa2a2","day_provenance":"empty","versions":{"nds_version":"nds_daily_2026-01-26.v10","classifier_version":"processing_classifier_2026-02-08.v2","normalizer_version":"nds_consumed_normalizer_2026-09-14.v3","day_policy_version":"nds_day_policy_2026-09-13.v2"},"coverage":{"added_sugar":"unknown","scored_entry_count":0,"unscorable_entry_count":0,"limitations":["added_sugar_unknown"]},"state":"empty","source_revision":0},"_
persistence_status=200
persistence_body_prefix=[]
snapshot_rpc_status=200
snapshot_rpc_body_prefix=[{"source_revision":0,"active_generation":1,"cached_revision":null,"cached_generation":null,"cached_nds_version":null,"cached_classifier_version":null,"cached_normalizer_version":null,"cached_day_policy_version":null,"cached_dependency_fingerprint":null,"cached_response_state":null,"cached_score_100
deny_proxy_status=403
example_invalid_fetch=-1
browser_url=http://127.0.0.1:3000/app
browser_title=
browser_auth_token_http=200 http://127.0.0.1:54321/auth/v1/token?grant_type=password
browser_cookie_names=["sb-127-auth-token"]
browser_console_errors=["Failed to load resource: the server responded with a status of 500 (Internal Server Error)","Failed to load resource: the server responded with a status of 500 (Internal Server Error)","Failed to load resource: the server responded with a status of 500 (Internal Server Error)","Failed to load resource: the server responded with a status of 500 (Internal Server Error)","Failed to load resource: the server responded with a status of 500 (Internal Server Error)","Failed to load resource: the server responded with a status of 500 (Internal Server Error)","Failed to load resource: the server responded with a status of 500 (Internal Server Error)","Failed to load resource: the server responded with a status of 500 (Internal Server Error)","Failed to load resource: the server responded with a status of 500 (Internal Server Error)","Failed to load resource: the server responded with a status of 500 (Internal Server Error)","[foodService.batchGetNutrients] Error: Error: Failed to fetch foods\n    at apiFetch (webpack-internal:///./lib/food/foodService.ts:20:15)\n    at async Object.batchGetNutrients (webpack-internal:///./lib/food/foodService.ts:225:26)\n    at async eval (webpack-internal:///./pages/journal.tsx:293:39)","Failed to load resource: the server responded with a status of 500 (Internal Server Error)","Failed to load resource: the server responded with a status of 500 (Internal Server Error)","Failed to load resource: the server responded with a status of 500 (Internal Server Error)","Failed to load resource: the server responded with a status of 500 (Internal Server Error)","Failed to load resource: the server responded with a status of 500 (Internal Server Error)","Failed to load resource: the server responded with a status of 500 (Internal Server Error)","Failed to load resource: the server responded with a status of 500 (Internal Server Error)","Failed to load resource: the server responded with a status of 500 (Internal Server Error)","Failed to load resource: the server responded with a status of 500 (Internal Server Error)"]
browser_failed_requests=["POST http://127.0.0.1:54321/auth/v1/logout?scope=global net::ERR_ABORTED"]
screenshot=docs/nds/evidence/nds01c/g1-app-signed-in.png
g2_food_id=4ea11530-81ca-4ac3-9928-f9d031af7391
g2_known_write_status=201
g2_known_write_body_prefix={"entry":{"id":"96f9f8b1-1655-40bc-9ca3-0ef6026015eb","type":"intake","timestamp":"2026-09-14T18:00:00.000Z","block":"evening","payload":{"name":"Salmon and quinoa bowl","unit":"serving","macros":{"fat":22,"carbs":55,"fiber":9,"protein":42,"added_sugar_g":3,"added_sugar_provenance":"authored"},"calories":620,"quantity":1,"foodObjectId":"4ea11530-81ca-4ac3-9928-f9d031af7391","servingSizeG":400,"qua
g2_known_nds_status=200
g2_known_nds_state=fresh
g2_known_nds_score=85.5
g2_known_added_sugar=known
g2_known_source_revision=1
g2_known_computed_as_of=2026-09-14T15:50:00.194Z
g2_known_versions={"nds_version":"nds_daily_2026-01-26.v10","classifier_version":"processing_classifier_2026-02-08.v2","normalizer_version":"nds_consumed_normalizer_2026-09-14.v3","day_policy_version":"nds_day_policy_2026-09-13.v2"}
g2_known_publish_reason=published
g2_known_invalidation_reason=source_revision_moved
g2_persisted_entries_status=200
g2_persisted_entries_prefix=[{"id":"96f9f8b1-1655-40bc-9ca3-0ef6026015eb","payload":{"name": "Salmon and quinoa bowl", "unit": "serving", "macros": {"fat": 22, "carbs": 55, "fiber": 9, "protein": 42, "added_sugar_g": 3, "added_sugar_provenance": "authored"}, "calories": 620, "quantity": 1, "foodObjectId": "4ea11530-81ca-4ac3-9928-f9d031af7391", "servingSizeG": 400, "quantity_conversion": "exact", "consumed_nutrition_evidence": {"unit": "serving", "fiber_g": 9, "lineage": "write_time_capture", "calories": 620, "quantity": 1
g2_persisted_authored_fiber=true
g2_persisted_authored_added_sugar=true
g2_persisted_write_time_evidence=true
g2_e01_second_nds_status=200
g2_e01_second_publish_reason=null
g2_e01_second_invalidation_reason=null
g2_e01_second_state=fresh
g2_e01_second_score=85.5
g2_e01_second_source_revision=1
g2_e01_second_computed_as_of=2026-09-14T15:50:00.191637+00:00
g2_e01_second_was_ordinary_cache_read=true
g2_e01_api_identity_equal=true
g2_e01_materialization_unchanged=true
g2_e01_materialization_after_first={"id":"eacda5b1-2879-43f5-bb00-677f4dfdcd3f","source_revision":1,"computation_generation":1,"dependency_fingerprint":"main_meal_kcal_threshold=250|score_without_added_sugar=0|snack_isolation_minutes=90|snack_kcal_threshold=200","computed_as_of":"2026-09-14T15:50:00.191Z","nds_score_100":85.5,"response_state":"fresh","nds_version":"nds_daily_2026-01-26.v10","classifier_version":"processing_classifier_2026-02-08.v2","normalizer_version":"nds_consumed_normalizer_2026-09-14.v3","day_policy_version":"nds_day_policy_2026-09-13.v2","added_sugar_coverage":"known","scored_entry_count":1,"readings_md5":"c31757bd0aed4aa3376313f66dcec2e7"}
g2_e01_materialization_after_second={"id":"eacda5b1-2879-43f5-bb00-677f4dfdcd3f","source_revision":1,"computation_generation":1,"dependency_fingerprint":"main_meal_kcal_threshold=250|score_without_added_sugar=0|snack_isolation_minutes=90|snack_kcal_threshold=200","computed_as_of":"2026-09-14T15:50:00.191Z","nds_score_100":85.5,"response_state":"fresh","nds_version":"nds_daily_2026-01-26.v10","classifier_version":"processing_classifier_2026-02-08.v2","normalizer_version":"nds_consumed_normalizer_2026-09-14.v3","day_policy_version":"nds_day_policy_2026-09-13.v2","added_sugar_coverage":"known","scored_entry_count":1,"readings_md5":"c31757bd0aed4aa3376313f66dcec2e7"}
g2_e01_pass=true
g2_after_catalog_mutation_status=200
g2_after_catalog_mutation_state=fresh
g2_after_catalog_mutation_score=85.5
g2_unknown_write_status=201
g2_unknown_write_body_prefix={"entry":{"id":"1e3290f4-62b7-4f68-bf9f-8ea9ad1889c4","type":"intake","timestamp":"2026-09-01T18:00:00.000Z","block":"evening","payload":{"name":"Unspecified fruit","unit":"serving","macros":{"protein":1,"added_sugar_provenance":"unknown"},"calories":90,"quantity":1,"foodObjectId":"4ea11530-81ca-4ac
g2_unknown_nds_status=200
g2_unknown_nds_body_prefix={"nds":{"date_local":"2026-09-01","person_id":"e2e00d21-1d5e-4c52-90ad-6f17bc7aa2a2","day_provenance":"empty","versions":{"nds_version":"nds_daily_2026-01-26.v10","classifier_version":"processing_classifier_2026-02-08.v2","normalizer_version":"nds_consumed_normalizer_2026-09-14.v3","day_policy_version":"nds_day_policy_2026-09-13.v2"},"coverage":{"added_sugar":"unknown","scored_entry_count":0,"unsc
g2_browser_url=http://127.0.0.1:3000/app
g2_home_text=Nutrition Density Today

Overall Score: 86

Whole Food Ratio: 100%

Protein Sufficiency: 9.3/10

Fiber: 9g
g2_screenshot=docs/nds/evidence/nds01c/g2-app-numeric.png
g2_corrected_writer_path_pass=true
g2_e02_baseline_failing_behavior=false
g3={"a01_wrong_fingerprint_status":200,"a01_wrong_fingerprint_body_prefix":"[{\"published\":false,\"reason\":\"stale_context\",\"current_revision\":1,\"current_generation\":1}]","a01_wrong_fingerprint_rejected":true,"a02_user_advance_status":403,"a02_user_advance_body_prefix":"{\"code\":\"42501\",\"details\":null,\"hint\":null,\"message\":\"permission denied for function nds_advance_generation\"}","a02_user_publish_status":403,"a02_user_publish_body_prefix":"{\"code\":\"42501\",\"details\":null,\"hint\":null,\"message\":\"permission denied for function nds_publish_daily_score\"}","a02_browser_roles_denied":true,"a03_home_before_log":"Nutrition Density Today\n\nOverall Score: 86\n\nWhole Food Ratio: 100%\n\nProtein Sufficiency: 9.3/10\n\nFiber: 18g","a03_log_url":"http://127.0.0.1:3000/app/log","a03_home_after_log":"Nutrition Density Today\n\nOverall Score: 86\n\nWhole Food Ratio: 100%\n\nProtein Sufficiency: 9.3/10\n\nFiber: 18g","a03_quantity_patch_status":200,"a03_after_quantity_nds_prefix":"{\"nds\":{\"date_local\":\"2026-09-14\",\"person_id\":\"e2e00d21-1d5e-4c52-90ad-6f17bc7aa2a2\",\"day_provenance\":\"legacy_unverified\",\"versions\":{\"nds_version\":\"nds_daily_2026-01-26.v10\",\"classifier_version\":\"processing_classifier_2026-02-08.v2\",\"normalizer_version\":\"nds_consumed_normalizer_2026-09-14.v3\",\"day_","a04_signup_b_status":200,"a04_person_b":"67276693-89d3-4ca8-9ba0-3902c1082913","a04_nds_b_status":200,"a04_nds_b_person":"67276693-89d3-4ca8-9ba0-3902c1082913","a04_nds_b_score":null,"a04_nds_b_state":"empty","a04_cross_person_status":403,"a04_cross_person_body_prefix":"{\"error\":\"Access denied to this person's journal data\"}","a04_home_b":"Nutrition Density Today\n\nOverall Score: –\n\nWhole Food Ratio: –\n\nProtein Sufficiency: –\n\nFiber: –","a04_no_leak_of_a_score":true,"a05_half_write_status":201,"a05_two_write_status":201,"a05_cup_write_status":201,"a05_grams_write_status":201,"a05_replacement_write_status":201,"a05_replacement_patch_status":200,"a05_half_nds_prefix":"{\"nds\":{\"date_local\":\"2026-08-10\",\"person_id\":\"e2e00d21-1d5e-4c52-90ad-6f17bc7aa2a2\",\"day_provenance\":\"empty\",\"versions\":{\"nds_version\":\"nds_daily_2026-01-26.v10\",\"classifier_version\":\"processing_classifier_2026-02-08.v2\",\"normalizer_version\":\"nds_co","a05_two_nds_prefix":"{\"nds\":{\"date_local\":\"2026-08-11\",\"person_id\":\"e2e00d21-1d5e-4c52-90ad-6f17bc7aa2a2\",\"day_provenance\":\"legacy_unverified\",\"versions\":{\"nds_version\":\"nds_daily_2026-01-26.v10\",\"classifier_version\":\"processing_classifier_2026-02-08.v2\",\"normalizer_vers","a05_cup_nds_prefix":"{\"nds\":{\"date_local\":\"2026-08-12\",\"person_id\":\"e2e00d21-1d5e-4c52-90ad-6f17bc7aa2a2\",\"day_provenance\":\"legacy_unverified\",\"versions\":{\"nds_version\":\"nds_daily_2026-01-26.v10\",\"classifier_version\":\"processing_classifier_2026-02-08.v2\",\"normalizer_vers","a05_grams_nds_prefix":"{\"nds\":{\"date_local\":\"2026-08-13\",\"person_id\":\"e2e00d21-1d5e-4c52-90ad-6f17bc7aa2a2\",\"day_provenance\":\"legacy_unverified\",\"versions\":{\"nds_version\":\"nds_daily_2026-01-26.v10\",\"classifier_version\":\"processing_classifier_2026-02-08.v2\",\"normalizer_vers","a05_replacement_nds_prefix":"{\"nds\":{\"date_local\":\"2026-08-15\",\"person_id\":\"e2e00d21-1d5e-4c52-90ad-6f17bc7aa2a2\",\"day_provenance\":\"legacy_unverified\",\"versions\":{\"nds_version\":\"nds_daily_2026-01-26.v10\",\"classifier_version\":\"processing_classifier_2026-02-08.v2\",\"normalizer_vers","a05_cup_persist_prefix":"[{\"id\":\"a8e3f7d7-2fc3-478d-b016-5c48e800315b\",\"payload\":{\"name\": \"Unknown cup\", \"unit\": \"cup\", \"macros\": {\"protein\": 42, \"added_sugar_g\": 3, \"added_sugar_provenance\": \"authored\"}, \"calories\": 620, \"quantity\": 1, \"foodObjectId\": \"4ea11530-81ca-4ac3-9928-f9d031af7391\", \"servingSizeG\": 400, \"quantity_conversion\": \"household_measure_unavailable\", \"consumed_nutrition_evidence\": {\"unit\": \"cup\", \"fiber_g","a05_cup_conversion_unavailable":true,"a06_grouped_write_status":201,"a06_grouped_nds_prefix":"{\"nds\":{\"date_local\":\"2026-08-14\",\"person_id\":\"e2e00d21-1d5e-4c52-90ad-6f17bc7aa2a2\",\"day_provenance\":\"empty\",\"versions\":{\"nds_version\":\"nds_daily_2026-01-26.v10\",\"classifier_version\":\"processing_classifier_2026-02-08.v2\",\"normalizer_version\":\"nds_consumed_normalizer_2026-09-14.v3\",\"day_policy_versi","a06_grouped_persist_prefix":"[{\"id\":\"c6f050ae-9050-481f-8c21-19a9514cdcc8\",\"payload\":{\"name\": \"Syrup bowl\", \"unit\": \"serving\", \"quantity\": 1, \"meal_group\": {\"name\": \"Syrup bowl\", \"totals\": {\"macros\": {\"fat_g\": 0, \"carbs_g\": 12, \"protein_g\": 0, \"added_sugar_g\": 12}, \"calories\": 50}, \"components\": [{\"name\": \"Syrup\", \"unit\": \"serving\", \"macros\": {\"fat_g\": 0, \"carbs_g\": 12, \"protein_g\": 0, \"added_sugar_g\": 12}, \"calories\": 50, \"q","a07_snapshot_status":200,"a07_snapshot_prefix":"[{\"source_revision\":1,\"active_generation\":1,\"cached_revision\":1,\"cached_generation\":1,\"cached_nds_version\":\"nds_daily_2026-01-26.v10\",\"cached_classifier_version\":\"processing_classifier_2026-02-08.v2\",\"cached_normalizer_version\":\"nds_consumed_normalizer_2026-09-14.v3\",\"cached_day_policy_version\":\"nds","a07_claim_status":200,"a07_claim_prefix":"[{\"person_id\":\"e2e00d21-1d5e-4c52-90ad-6f17bc7aa2a2\",\"date_local\":\"2026-09-14\",\"requested_revision\":1,\"requested_generation\":1,\"lease_token\":\"bd1e55eb-50df-4bfa-9e0a-ba2e15e4739c\",\"attempts\":1}, \n {\"person_id\":\"e2e00d21-1d5e-4c52-90ad-6f17bc7aa2a2\",\"date_local\":\"2026-09-01\",\"requested_revision\":1,\"r","g3_home_log_screenshot":"docs/nds/evidence/nds01c/g3-home-log-home.png","g3_account_b_screenshot":"docs/nds/evidence/nds01c/g3-account-b-home.png","remaining":{"a03":{"eat_status":200,"eat_body_prefix":"{\"meal\":{\"id\":\"95e7906b-8360-4e11-b6de-e71582b5f304\",\"plan_id\":\"2607691a-10eb-42ed-90cb-57684a53b9cf\",\"plan_day_id\":\"8327f453-ca4c-42eb-8532-7ac4c3019866\",\"plan_slot_id\":null,\"person_id\":\"e2e00d21-1d5e-4c52-90ad-6f17bc7aa2a2\",\"name\":\"Eat meal\",\"meal_type\":\"dinner\",\"payload\":{\"items\":[{\"name\":\"Planne","eat_day":"2026-07-20","after_eat_revision":1,"after_eat_state":"insufficient_data","skip_status":200,"log_adjusted_status":200,"log_adjusted_prefix":"{\"meal\":{\"id\":\"361339f5-d927-47d3-9279-07ce9f7fc2cb\",\"plan_id\":\"2607691a-10eb-42ed-90cb-57684a53b9cf\",\"plan_day_id\":\"8327f453-ca4c-42eb-8532-7ac4c3019866\",\"plan_slot_id\":null,\"person_id\":\"e2e00d21-1d5e-4c52-90ad-6f17bc7aa2a2\",\"name\":\"Adjusted meal\",\"meal_type\":\"dinner\",\"payload\":{\"items\":[{\"name\":\"P","after_adjusted_revision":2,"undo_status":200,"after_undo_revision":3,"first_intake_status":201,"first_day":"2026-07-21","after_first_revision":1,"draft_commit_status":201,"draft_prefix":"{\"entries\":[{\"id\":\"91039646-8bee-5d67-b43c-282e1f4b7577\",\"type\":\"intake\",\"timestamp\":\"2026-07-22T18:00:00.000Z\",\"block\":\"midday\",\"payload\":{\"name\":\"Draft one\",\"unit\":\"serving\",\"macros\":{\"fat\":22,\"carbs\":55,\"fiber\":9,\"protein\":42,\"added_sugar_g\":3,\"added_sugar_provenance\":\"authored\"},\"calories\":620,\"","after_draft_revision":2,"library_status":201,"library_prefix":"{\"template\":{\"id\":\"3c28db14-17c3-4103-9b7c-a09904b6c3c4\",\"name\":\"NDS library bowl\",\"items\":[{\"id\":\"i1\",\"name\":\"Library salmon\",\"unit\":\"serving\",\"macros\":{\"protein\":42},\"calories\":620,\"quantity\":1}],\"c","grouped_move_status":201,"grouped_move_patch_status":200,"grouped_origin_day":"2026-07-23","grouped_dest_day":"2026-07-24","origin_after_move_scored":0,"dest_after_move_scored":1,"replacement_status":201,"replacement_patch_status":200,"before_replace_revision":1,"after_replace_revision":2,"delete_status":200,"after_delete_state":"empty","after_delete_revision":2,"pass":true},"a04":{"home_before_delay":"Nutrition Density Today\n\nOverall Score: 86\n\nWhole Food Ratio: 100%\n\nProtein Sufficiency: 9.3/10\n\nFiber: 18g","home_after_delayed":"Nutrition Density Today\n\nOverall Score: 86\n\nWhole Food Ratio: 100%\n\nProtein Sufficiency: 9.3/10\n\nFiber: 18g","delayed_status":200,"insights_url":"http://localhost:3000/login?redirect=%2Fapp%2Fprograms&ctx=generic","insights_legacy_remap":"/journal/insights -> /app/programs (middleware canonicalization)","after_insights_navigation":"http://127.0.0.1:3000/app","insights_has_nds":true,"insights_screenshot":"docs/nds/evidence/nds01c/g3-a04-insights.png","midnight_late_day":"2026-09-14","midnight_early_day":"2026-09-15","midnight_days_differ":true,"dst_day":"2026-03-08","dst_body_consumed_day":"2026-03-08","refresh_status":200,"home_after_refresh":"Nutrition Density Today\n\nOverall Score: 86\n\nWhole Food Ratio: 100%\n\nProtein Sufficiency: 9.3/10\n\nFiber: 27g","after_signout_url":"http://localhost:3000/login?redirect=%2Fapp%2Fprofile&ctx=generic","nds_after_signout_status":401,"nds_after_signout_prefix":"{\"error\":\"Unauthorized\"}","home_after_signout":"","home_after_relogin":"","pass":true},"a05":{"cup_known_status":201,"cup_known_day":"2026-07-26","cup_known_exact":true,"cup_known_nds_date":"2026-07-26","cup_known_prefix":"{\"entry\":{\"id\":\"77878d19-b3ec-4a86-a3d5-ea1e7cb044d3\",\"type\":\"intake\",\"timestamp\":\"2026-07-26T18:00:00.000Z\",\"block\":\"midday\",\"payload\":{\"name\":\"Known cup\",\"unit\":\"cup\",\"macros\":{\"fat\":7,\"carbs\":18,\"fiber\":3,\"protein\":14,\"added_sugar_g\":1,\"added_sugar_provenance\":\"authored\"},\"calories\":200,\"measures\":[{\"unit\":\"cup\",\"grams\":200}],\"quantity\":2,\"consumed_day\":{\"time_zone\":\"America/Chicago\",\"date_loca","recipe_yield_status":201,"recipe_yield_day":"2026-07-27","recipe_yield_nds_date":"2026-07-27","nested_recipe_status":201,"nested_recipe_day":"2026-07-28","nested_recipe_nds_date":"2026-07-28","pass":true},"a06":{"write_status":201,"attributed_day":"2026-07-29","first_nds_date":"2026-07-29","first_state":"insufficient_data","first_added_sugar":"partial","first_score":null,"second_publish_reason":null,"second_date":"2026-07-29","known_zero_did_not_unlock_complete":true,"no_total_sugar_substitution":true,"persist_prefix":"{\"entry\":{\"id\":\"fec5f0c9-d000-40ad-91bd-8b844cf13e4c\",\"type\":\"intake\",\"timestamp\":\"2026-07-29T18:00:00.000Z\",\"block\":\"midday\",\"payload\":{\"name\":\"Zero plus unknown bowl\",\"unit\":\"serving\",\"quantity\":1,\"meal_group\":{\"name\":\"Zero plus unknown bowl\",\"totals\":{\"macros\":{\"fat_g\":3,\"carbs_g\":49,\"fiber_g\":4,\"protein_g\":6,\"added_sugar_g\":0},\"calories\":240},\"components\":[{\"name\":\"Plain oats\",\"unit\":\"serving\"","pass":true},"a07":{"inline_then_worker":{"claimed":19,"published":2,"alreadyCurrent":17,"superseded":0,"deploymentStale":0,"fencedOut":0,"failed":0,"errors":[]},"expired_complete_status":200,"expired_complete_prefix":"[{\"accepted\":false,\"reason\":\"lease_expired\"}]","expired_rejected":true,"worker_after_expiry":{"claimed":1,"published":1,"alreadyCurrent":0,"superseded":0,"deploymentStale":0,"fencedOut":0,"failed":0,"errors":[]},"retry_exhaustion":{"fail_run_1":{"claimed":1,"published":0,"alreadyCurrent":0,"superseded":0,"deploymentStale":0,"fencedOut":0,"failed":1,"errors":[]},"fail_run_2":{"claimed":1,"published":0,"alreadyCurrent":0,"superseded":0,"deploymentStale":0,"fencedOut":0,"failed":1,"errors":[]},"fail_run_3":{"claimed":1,"published":0,"alreadyCurrent":0,"superseded":0,"deploymentStale":0,"fencedOut":0,"failed":1,"errors":[]},"failed_attempt_rows":3},"worker_recover":{"claimed":1,"published":1,"alreadyCurrent":0,"superseded":0,"deploymentStale":0,"fencedOut":0,"failed":0,"errors":[]},"cron_status":200,"cron_prefix":"{\"success\":true,\"claimed\":0,\"published\":0,\"superseded\":0,\"fenced_out\":0,\"failed\":0,\"outstanding\":2,\"expired_leases\":0,\"failing\":0,\"oldest_outstanding_age\":\"00:01:54.448071\",\"duration_ms\":10,\"nds_version\":\"nds_daily_2026-01-26.v10\",\"git_sha\":\"unknown\",\"now_utc\":\"2026-09-14T15:51:54.539Z\"}","two_worker_claim_a_prefix":"[]","two_worker_claim_b_prefix":"[]","fail_attributed_day":"2026-07-30","pass":true},"a08":{"person_id":"71f81bf6-83fe-4cc7-8c7c-b474a1a3f39d","history_before_rollback":1,"history_after_old_writer":2,"history_after_reactivation":3,"legacy_queue_rows":1,"new_work_rows":1,"new_writer_triggers":1,"no_source_history_loss":true,"pass":true},"remaining_pass":true}}
